%!Adobe-FontList 1.14
%Locale:0x412

%BeginFont
Handler:DirectoryHandler
FontType:Invalid
OutlineFileName:C:\Users\kang\Desktop\08.05\Font\NanumGothic.eot
FileModTime:1596502520
%EndFont

%BeginFont
Handler:DirectoryHandler
FontType:Invalid
OutlineFileName:C:\Users\kang\Desktop\08.05\Font\NanumGothic.woff
FileModTime:1530198976
%EndFont

%BeginFont
Handler:DirectoryHandler
FontType:Invalid
OutlineFileName:C:\Users\kang\Desktop\08.05\Font\NanumGothic.woff2
FileModTime:1530198982
%EndFont

%BeginFont
Handler:DirectoryHandler
FontType:Invalid
OutlineFileName:C:\Users\kang\Desktop\08.05\Font\NanumGothicBold.eot
FileModTime:1596502520
%EndFont

%BeginFont
Handler:DirectoryHandler
FontType:Invalid
OutlineFileName:C:\Users\kang\Desktop\08.05\Font\NanumGothicBold.woff
FileModTime:1530198976
%EndFont

%BeginFont
Handler:DirectoryHandler
FontType:Invalid
OutlineFileName:C:\Users\kang\Desktop\08.05\Font\NanumGothicBold.woff2
FileModTime:1530198982
%EndFont

%BeginFont
Handler:DirectoryHandler
FontType:Invalid
OutlineFileName:C:\Users\kang\Desktop\08.05\Font\NanumGothicExtraBold.eot
FileModTime:1596502524
%EndFont

%BeginFont
Handler:DirectoryHandler
FontType:Invalid
OutlineFileName:C:\Users\kang\Desktop\08.05\Font\NanumGothicExtraBold.woff
FileModTime:1530198976
%EndFont

%BeginFont
Handler:DirectoryHandler
FontType:Invalid
OutlineFileName:C:\Users\kang\Desktop\08.05\Font\NanumGothicExtraBold.woff2
FileModTime:1530198982
%EndFont

